node:events:498
      throw er; // Unhandled 'error' event
      ^

Error: listen EADDRINUSE: address already in use :::2000
    at Server.setupListenHandle [as _listen2] (node:net:1898:16)
    at listenInCluster (node:net:1946:12)
    at Server.listen (node:net:2044:7)
    at Object.<anonymous> (C:\Users\andre\Documents\Programming\XenoGenesis\app.js:342:8)
    at Module._compile (node:internal/modules/cjs/loader:1434:14)
    at Module._extensions..js (node:internal/modules/cjs/loader:1518:10)
    at Module.load (node:internal/modules/cjs/loader:1249:32)
    at Module._load (node:internal/modules/cjs/loader:1065:12)
    at Function.executeUserEntryPoint [as runMain] (node:internal/modules/run_main:158:12)
    at node:internal/main/run_main_module:30:49
Emitted 'error' event on Server instance at:
    at emitErrorNT (node:net:1925:8)
    at process.processTicksAndRejections (node:internal/process/task_queues:82:21) {
  code: 'EADDRINUSE',
  errno: -4091,
  syscall: 'listen',
  address: '::',
  port: 2000
}

Node.js v22.2.0
